// Vitest Snapshot v1, https://vitest.dev/guide/snapshot.html

exports[`renders correctly with bookmark mode 1`] = `
"<div data-v-56c7ddee=\\"\\" class=\\"mt-3 title-container\\">
  <div data-v-56c7ddee=\\"\\" class=\\"d-flex\\">
    <h2 data-v-56c7ddee=\\"\\">My Bookmarks</h2>
  </div>
  <v-slide-group data-v-56c7ddee=\\"\\" class=\\"pa-4\\" selected-class=\\"bg-success\\" show-arrows=\\"\\"></v-slide-group>
  <div data-v-56c7ddee=\\"\\" class=\\"no-match-found\\"><span data-v-56c7ddee=\\"\\">Add Bookmarks</span></div>
</div>"
`;

exports[`renders correctly without bookmark mode 1`] = `
"<div data-v-56c7ddee=\\"\\" class=\\"mt-3 title-container\\">
  <div data-v-56c7ddee=\\"\\" class=\\"d-flex\\">
    <h2 data-v-56c7ddee=\\"\\">Top Vue</h2>
    <v-menu data-v-56c7ddee=\\"\\" transition=\\"slide-y-transition\\">
      <v-list data-v-56c7ddee=\\"\\" items=\\"[object Object],[object Object],[object Object],[object Object]\\" item-title=\\"name\\" item-value=\\"id\\"></v-list>
    </v-menu>
  </div>
  <v-slide-group data-v-56c7ddee=\\"\\" class=\\"pa-4\\" selected-class=\\"bg-success\\" show-arrows=\\"\\">
    <v-slide-group-item data-v-56c7ddee=\\"\\">
      <v-skeleton-loader data-v-56c7ddee=\\"\\" type=\\"image\\" height=\\"200\\" width=\\"200\\" class=\\"mr-10\\"></v-skeleton-loader>
    </v-slide-group-item>
  </v-slide-group>
  <!--v-if-->
</div>"
`;
